// Jest Snapshot v1, https://goo.gl/fbAQLP

exports[`smoke test 1`] = `
<div
  style={
    Object {
      "marginRight": "1ex",
      "whiteSpace": "pre-line",
    }
  }
>
  <Alert
    closable={true}
    message={
      <div
        style={
          Object {
            "marginRight": "10px",
            "overflowX": "auto",
          }
        }
      >
        Testing error
      </div>
    }
    onClose={[Function]}
    type="error"
  />
</div>
`;
