// Jest Snapshot v1, https://goo.gl/fbAQLP

exports[`renders a list of languages 1`] = `
<div
  className="smc-vfill"
  style={
    Object {
      "fontSize": "10pt",
      "overflowY": "scroll",
      "padding": "5px 15px",
    }
  }
>
  <h3
    style={
      Object {
        "borderBottom": "1px solid #ccc",
        "paddingBottom": "15px",
      }
    }
  >
    <Icon
      name="wrench"
    />
     Editor Settings
  </h3>
  <SpellCheck
    available={true}
    key="spell"
    set={[Function]}
    value="Value"
  />
</div>
`;
